app/(customer)/test/custom-checkout.tsx(102,43): error TS2339: Property 'qr_string' does not exist on type 'never'.
app/(customer)/test/custom-checkout.tsx(105,60): error TS2339: Property 'qr_string' does not exist on type 'never'.
app/(customer)/test/custom-checkout.tsx(121,51): error TS2339: Property 'deeplink_url' does not exist on type 'never'.
app/(customer)/test/custom-checkout.tsx(134,104): error TS2339: Property 'account_number' does not exist on type 'never'.
app/actions/auth/login.ts(36,20): error TS2339: Property 'isTwoFactorEnabled' does not exist on type '{ name: string | null; id: string; email: string | null; password: string | null; emailVerified: Date | null; image: string | null; role: Role; createdAt: Date; updatedAt: Date; }'.
app/actions/auth/login.ts(38,25): error TS2339: Property 'twoFactorSecret' does not exist on type '{ name: string | null; id: string; email: string | null; password: string | null; emailVerified: Date | null; image: string | null; role: Role; createdAt: Date; updatedAt: Date; }'.
app/actions/auth/login.ts(42,69): error TS2339: Property 'twoFactorSecret' does not exist on type '{ name: string | null; id: string; email: string | null; password: string | null; emailVerified: Date | null; image: string | null; role: Role; createdAt: Date; updatedAt: Date; }'.
app/actions/auth/settings.ts(38,7): error TS2353: Object literal may only specify known properties, and 'twoFactorSecret' does not exist in type '(Without<UserUpdateInput, UserUncheckedUpdateInput> & UserUncheckedUpdateInput) | (Without<...> & UserUpdateInput)'.
app/actions/checkout.ts(40,15): error TS7034: Variable 'orderItemsData' implicitly has type 'any[]' in some locations where its type cannot be determined.
app/actions/checkout.ts(65,33): error TS7005: Variable 'orderItemsData' implicitly has an 'any[]' type.
components/forms/product-form.tsx(71,5): error TS2322: Type 'Resolver<{ name: string; slug: string; description: string; price: unknown; categoryId: string; coverImage?: string | undefined; }, any, { name: string; slug: string; description: string; price: number; categoryId: string; coverImage?: string | undefined; }>' is not assignable to type 'Resolver<{ name: string; slug: string; description: string; price: number; categoryId: string; coverImage?: string | undefined; }, any, { name: string; slug: string; description: string; price: number; categoryId: string; coverImage?: string | undefined; }>'.
  Types of parameters 'options' and 'options' are incompatible.
    Type 'ResolverOptions<{ name: string; slug: string; description: string; price: number; categoryId: string; coverImage?: string | undefined; }>' is not assignable to type 'ResolverOptions<{ name: string; slug: string; description: string; price: unknown; categoryId: string; coverImage?: string | undefined; }>'.
      Type 'unknown' is not assignable to type 'number'.
components/forms/product-form.tsx(170,43): error TS2345: Argument of type '(data: { name: string; slug: string; description: string; price: number; categoryId: string; coverImage?: string | undefined; }) => Promise<void>' is not assignable to parameter of type 'SubmitHandler<TFieldValues>'.
  Types of parameters 'data' and 'data' are incompatible.
    Type 'TFieldValues' is not assignable to type '{ name: string; slug: string; description: string; price: number; categoryId: string; coverImage?: string | undefined; }'.
      Type 'FieldValues' is missing the following properties from type '{ name: string; slug: string; description: string; price: number; categoryId: string; coverImage?: string | undefined; }': name, slug, description, price, categoryId
components/forms/product-form.tsx(173,15): error TS2322: Type 'Control<{ name: string; slug: string; description: string; price: number; categoryId: string; coverImage?: string | undefined; }, any, TFieldValues>' is not assignable to type 'Control<{ name: string; slug: string; description: string; price: number; categoryId: string; coverImage?: string | undefined; }, any, { name: string; slug: string; description: string; price: number; categoryId: string; coverImage?: string | undefined; }>'.
  The types of '_options.resolver' are incompatible between these types.
    Type 'Resolver<{ name: string; slug: string; description: string; price: number; categoryId: string; coverImage?: string | undefined; }, any, TFieldValues> | undefined' is not assignable to type 'Resolver<{ name: string; slug: string; description: string; price: number; categoryId: string; coverImage?: string | undefined; }, any, { name: string; slug: string; description: string; price: number; categoryId: string; coverImage?: string | undefined; }> | undefined'.
      Type 'Resolver<{ name: string; slug: string; description: string; price: number; categoryId: string; coverImage?: string | undefined; }, any, TFieldValues>' is not assignable to type 'Resolver<{ name: string; slug: string; description: string; price: number; categoryId: string; coverImage?: string | undefined; }, any, { name: string; slug: string; description: string; price: number; categoryId: string; coverImage?: string | undefined; }>'.
        Type 'ResolverResult<{ name: string; slug: string; description: string; price: number; categoryId: string; coverImage?: string | undefined; }, TFieldValues> | Promise<...>' is not assignable to type 'ResolverResult<{ name: string; slug: string; description: string; price: number; categoryId: string; coverImage?: string | undefined; }, { name: string; slug: string; description: string; price: number; categoryId: string; coverImage?: string | undefined; }> | Promise<...>'.
          Type 'ResolverSuccess<TFieldValues>' is not assignable to type 'ResolverResult<{ name: string; slug: string; description: string; price: number; categoryId: string; coverImage?: string | undefined; }, { name: string; slug: string; description: string; price: number; categoryId: string; coverImage?: string | undefined; }> | Promise<...>'.
            Type 'ResolverSuccess<TFieldValues>' is not assignable to type 'ResolverSuccess<{ name: string; slug: string; description: string; price: number; categoryId: string; coverImage?: string | undefined; }>'.
              Type 'TFieldValues' is not assignable to type '{ name: string; slug: string; description: string; price: number; categoryId: string; coverImage?: string | undefined; }'.
                Type 'FieldValues' is missing the following properties from type '{ name: string; slug: string; description: string; price: number; categoryId: string; coverImage?: string | undefined; }': name, slug, description, price, categoryId
components/forms/product-form.tsx(187,15): error TS2322: Type 'Control<{ name: string; slug: string; description: string; price: number; categoryId: string; coverImage?: string | undefined; }, any, TFieldValues>' is not assignable to type 'Control<{ name: string; slug: string; description: string; price: number; categoryId: string; coverImage?: string | undefined; }, any, { name: string; slug: string; description: string; price: number; categoryId: string; coverImage?: string | undefined; }>'.
  The types of '_options.resolver' are incompatible between these types.
    Type 'Resolver<{ name: string; slug: string; description: string; price: number; categoryId: string; coverImage?: string | undefined; }, any, TFieldValues> | undefined' is not assignable to type 'Resolver<{ name: string; slug: string; description: string; price: number; categoryId: string; coverImage?: string | undefined; }, any, { name: string; slug: string; description: string; price: number; categoryId: string; coverImage?: string | undefined; }> | undefined'.
      Type 'Resolver<{ name: string; slug: string; description: string; price: number; categoryId: string; coverImage?: string | undefined; }, any, TFieldValues>' is not assignable to type 'Resolver<{ name: string; slug: string; description: string; price: number; categoryId: string; coverImage?: string | undefined; }, any, { name: string; slug: string; description: string; price: number; categoryId: string; coverImage?: string | undefined; }>'.
        Type 'ResolverResult<{ name: string; slug: string; description: string; price: number; categoryId: string; coverImage?: string | undefined; }, TFieldValues> | Promise<...>' is not assignable to type 'ResolverResult<{ name: string; slug: string; description: string; price: number; categoryId: string; coverImage?: string | undefined; }, { name: string; slug: string; description: string; price: number; categoryId: string; coverImage?: string | undefined; }> | Promise<...>'.
          Type 'ResolverSuccess<TFieldValues>' is not assignable to type 'ResolverResult<{ name: string; slug: string; description: string; price: number; categoryId: string; coverImage?: string | undefined; }, { name: string; slug: string; description: string; price: number; categoryId: string; coverImage?: string | undefined; }> | Promise<...>'.
            Type 'ResolverSuccess<TFieldValues>' is not assignable to type 'ResolverSuccess<{ name: string; slug: string; description: string; price: number; categoryId: string; coverImage?: string | undefined; }>'.
              Type 'TFieldValues' is not assignable to type '{ name: string; slug: string; description: string; price: number; categoryId: string; coverImage?: string | undefined; }'.
                Type 'FieldValues' is missing the following properties from type '{ name: string; slug: string; description: string; price: number; categoryId: string; coverImage?: string | undefined; }': name, slug, description, price, categoryId
components/forms/product-form.tsx(202,15): error TS2322: Type 'Control<{ name: string; slug: string; description: string; price: number; categoryId: string; coverImage?: string | undefined; }, any, TFieldValues>' is not assignable to type 'Control<{ name: string; slug: string; description: string; price: number; categoryId: string; coverImage?: string | undefined; }, any, { name: string; slug: string; description: string; price: number; categoryId: string; coverImage?: string | undefined; }>'.
  The types of '_options.resolver' are incompatible between these types.
    Type 'Resolver<{ name: string; slug: string; description: string; price: number; categoryId: string; coverImage?: string | undefined; }, any, TFieldValues> | undefined' is not assignable to type 'Resolver<{ name: string; slug: string; description: string; price: number; categoryId: string; coverImage?: string | undefined; }, any, { name: string; slug: string; description: string; price: number; categoryId: string; coverImage?: string | undefined; }> | undefined'.
      Type 'Resolver<{ name: string; slug: string; description: string; price: number; categoryId: string; coverImage?: string | undefined; }, any, TFieldValues>' is not assignable to type 'Resolver<{ name: string; slug: string; description: string; price: number; categoryId: string; coverImage?: string | undefined; }, any, { name: string; slug: string; description: string; price: number; categoryId: string; coverImage?: string | undefined; }>'.
        Type 'ResolverResult<{ name: string; slug: string; description: string; price: number; categoryId: string; coverImage?: string | undefined; }, TFieldValues> | Promise<...>' is not assignable to type 'ResolverResult<{ name: string; slug: string; description: string; price: number; categoryId: string; coverImage?: string | undefined; }, { name: string; slug: string; description: string; price: number; categoryId: string; coverImage?: string | undefined; }> | Promise<...>'.
          Type 'ResolverSuccess<TFieldValues>' is not assignable to type 'ResolverResult<{ name: string; slug: string; description: string; price: number; categoryId: string; coverImage?: string | undefined; }, { name: string; slug: string; description: string; price: number; categoryId: string; coverImage?: string | undefined; }> | Promise<...>'.
            Type 'ResolverSuccess<TFieldValues>' is not assignable to type 'ResolverSuccess<{ name: string; slug: string; description: string; price: number; categoryId: string; coverImage?: string | undefined; }>'.
              Type 'TFieldValues' is not assignable to type '{ name: string; slug: string; description: string; price: number; categoryId: string; coverImage?: string | undefined; }'.
                Type 'FieldValues' is missing the following properties from type '{ name: string; slug: string; description: string; price: number; categoryId: string; coverImage?: string | undefined; }': name, slug, description, price, categoryId
components/forms/product-form.tsx(221,15): error TS2322: Type 'Control<{ name: string; slug: string; description: string; price: number; categoryId: string; coverImage?: string | undefined; }, any, TFieldValues>' is not assignable to type 'Control<{ name: string; slug: string; description: string; price: number; categoryId: string; coverImage?: string | undefined; }, any, { name: string; slug: string; description: string; price: number; categoryId: string; coverImage?: string | undefined; }>'.
  The types of '_options.resolver' are incompatible between these types.
    Type 'Resolver<{ name: string; slug: string; description: string; price: number; categoryId: string; coverImage?: string | undefined; }, any, TFieldValues> | undefined' is not assignable to type 'Resolver<{ name: string; slug: string; description: string; price: number; categoryId: string; coverImage?: string | undefined; }, any, { name: string; slug: string; description: string; price: number; categoryId: string; coverImage?: string | undefined; }> | undefined'.
      Type 'Resolver<{ name: string; slug: string; description: string; price: number; categoryId: string; coverImage?: string | undefined; }, any, TFieldValues>' is not assignable to type 'Resolver<{ name: string; slug: string; description: string; price: number; categoryId: string; coverImage?: string | undefined; }, any, { name: string; slug: string; description: string; price: number; categoryId: string; coverImage?: string | undefined; }>'.
        Type 'ResolverResult<{ name: string; slug: string; description: string; price: number; categoryId: string; coverImage?: string | undefined; }, TFieldValues> | Promise<...>' is not assignable to type 'ResolverResult<{ name: string; slug: string; description: string; price: number; categoryId: string; coverImage?: string | undefined; }, { name: string; slug: string; description: string; price: number; categoryId: string; coverImage?: string | undefined; }> | Promise<...>'.
          Type 'ResolverSuccess<TFieldValues>' is not assignable to type 'ResolverResult<{ name: string; slug: string; description: string; price: number; categoryId: string; coverImage?: string | undefined; }, { name: string; slug: string; description: string; price: number; categoryId: string; coverImage?: string | undefined; }> | Promise<...>'.
            Type 'ResolverSuccess<TFieldValues>' is not assignable to type 'ResolverSuccess<{ name: string; slug: string; description: string; price: number; categoryId: string; coverImage?: string | undefined; }>'.
              Type 'TFieldValues' is not assignable to type '{ name: string; slug: string; description: string; price: number; categoryId: string; coverImage?: string | undefined; }'.
                Type 'FieldValues' is missing the following properties from type '{ name: string; slug: string; description: string; price: number; categoryId: string; coverImage?: string | undefined; }': name, slug, description, price, categoryId
components/forms/product-form.tsx(227,37): error TS2322: Type '{ children: Element; asChild: true; }' is not assignable to type 'IntrinsicAttributes & NativeButtonProps & Omit<WithBaseUIEvent<DetailedHTMLProps<ButtonHTMLAttributes<HTMLButtonElement>, HTMLButtonElement>>, "style" | ... 3 more ... | "color"> & { ...; } & { ...; }'.
  Property 'asChild' does not exist on type 'IntrinsicAttributes & NativeButtonProps & Omit<WithBaseUIEvent<DetailedHTMLProps<ButtonHTMLAttributes<HTMLButtonElement>, HTMLButtonElement>>, "style" | ... 3 more ... | "color"> & { ...; } & { ...; }'.
components/forms/product-form.tsx(297,13): error TS2322: Type 'Control<{ name: string; slug: string; description: string; price: number; categoryId: string; coverImage?: string | undefined; }, any, TFieldValues>' is not assignable to type 'Control<{ name: string; slug: string; description: string; price: number; categoryId: string; coverImage?: string | undefined; }, any, { name: string; slug: string; description: string; price: number; categoryId: string; coverImage?: string | undefined; }>'.
  The types of '_options.resolver' are incompatible between these types.
    Type 'Resolver<{ name: string; slug: string; description: string; price: number; categoryId: string; coverImage?: string | undefined; }, any, TFieldValues> | undefined' is not assignable to type 'Resolver<{ name: string; slug: string; description: string; price: number; categoryId: string; coverImage?: string | undefined; }, any, { name: string; slug: string; description: string; price: number; categoryId: string; coverImage?: string | undefined; }> | undefined'.
      Type 'Resolver<{ name: string; slug: string; description: string; price: number; categoryId: string; coverImage?: string | undefined; }, any, TFieldValues>' is not assignable to type 'Resolver<{ name: string; slug: string; description: string; price: number; categoryId: string; coverImage?: string | undefined; }, any, { name: string; slug: string; description: string; price: number; categoryId: string; coverImage?: string | undefined; }>'.
        Type 'ResolverResult<{ name: string; slug: string; description: string; price: number; categoryId: string; coverImage?: string | undefined; }, TFieldValues> | Promise<...>' is not assignable to type 'ResolverResult<{ name: string; slug: string; description: string; price: number; categoryId: string; coverImage?: string | undefined; }, { name: string; slug: string; description: string; price: number; categoryId: string; coverImage?: string | undefined; }> | Promise<...>'.
          Type 'ResolverSuccess<TFieldValues>' is not assignable to type 'ResolverResult<{ name: string; slug: string; description: string; price: number; categoryId: string; coverImage?: string | undefined; }, { name: string; slug: string; description: string; price: number; categoryId: string; coverImage?: string | undefined; }> | Promise<...>'.
            Type 'ResolverSuccess<TFieldValues>' is not assignable to type 'ResolverSuccess<{ name: string; slug: string; description: string; price: number; categoryId: string; coverImage?: string | undefined; }>'.
              Type 'TFieldValues' is not assignable to type '{ name: string; slug: string; description: string; price: number; categoryId: string; coverImage?: string | undefined; }'.
                Type 'FieldValues' is missing the following properties from type '{ name: string; slug: string; description: string; price: number; categoryId: string; coverImage?: string | undefined; }': name, slug, description, price, categoryId
components/forms/product-form.tsx(315,13): error TS2322: Type 'Control<{ name: string; slug: string; description: string; price: number; categoryId: string; coverImage?: string | undefined; }, any, TFieldValues>' is not assignable to type 'Control<{ name: string; slug: string; description: string; price: number; categoryId: string; coverImage?: string | undefined; }, any, { name: string; slug: string; description: string; price: number; categoryId: string; coverImage?: string | undefined; }>'.
  The types of '_options.resolver' are incompatible between these types.
    Type 'Resolver<{ name: string; slug: string; description: string; price: number; categoryId: string; coverImage?: string | undefined; }, any, TFieldValues> | undefined' is not assignable to type 'Resolver<{ name: string; slug: string; description: string; price: number; categoryId: string; coverImage?: string | undefined; }, any, { name: string; slug: string; description: string; price: number; categoryId: string; coverImage?: string | undefined; }> | undefined'.
      Type 'Resolver<{ name: string; slug: string; description: string; price: number; categoryId: string; coverImage?: string | undefined; }, any, TFieldValues>' is not assignable to type 'Resolver<{ name: string; slug: string; description: string; price: number; categoryId: string; coverImage?: string | undefined; }, any, { name: string; slug: string; description: string; price: number; categoryId: string; coverImage?: string | undefined; }>'.
        Type 'ResolverResult<{ name: string; slug: string; description: string; price: number; categoryId: string; coverImage?: string | undefined; }, TFieldValues> | Promise<...>' is not assignable to type 'ResolverResult<{ name: string; slug: string; description: string; price: number; categoryId: string; coverImage?: string | undefined; }, { name: string; slug: string; description: string; price: number; categoryId: string; coverImage?: string | undefined; }> | Promise<...>'.
          Type 'ResolverSuccess<TFieldValues>' is not assignable to type 'ResolverResult<{ name: string; slug: string; description: string; price: number; categoryId: string; coverImage?: string | undefined; }, { name: string; slug: string; description: string; price: number; categoryId: string; coverImage?: string | undefined; }> | Promise<...>'.
            Type 'ResolverSuccess<TFieldValues>' is not assignable to type 'ResolverSuccess<{ name: string; slug: string; description: string; price: number; categoryId: string; coverImage?: string | undefined; }>'.
              Type 'TFieldValues' is not assignable to type '{ name: string; slug: string; description: string; price: number; categoryId: string; coverImage?: string | undefined; }'.
                Type 'FieldValues' is missing the following properties from type '{ name: string; slug: string; description: string; price: number; categoryId: string; coverImage?: string | undefined; }': name, slug, description, price, categoryId
components/forms/user-form.tsx(49,5): error TS2322: Type 'Resolver<{ email: string; password: string; name?: string | undefined; role?: "USER" | "ADMIN" | undefined; } | { email: string; name?: string | undefined; role?: "USER" | "ADMIN" | undefined; password?: string | undefined; }, any, { ...; } | { ...; }>' is not assignable to type 'Resolver<{ email: string; role: "USER" | "ADMIN"; name?: string | undefined; password?: string | undefined; }, any, { email: string; role: "USER" | "ADMIN"; name?: string | undefined; password?: string | undefined; }>'.
  Types of parameters 'options' and 'options' are incompatible.
    Type 'ResolverOptions<{ email: string; role: "USER" | "ADMIN"; name?: string | undefined; password?: string | undefined; }>' is not assignable to type 'ResolverOptions<{ email: string; password: string; name?: string | undefined; role?: "USER" | "ADMIN" | undefined; } | { email: string; name?: string | undefined; role?: "USER" | "ADMIN" | undefined; password?: string | undefined; }>'.
      Type '{ email: string; password: string; name?: string | undefined; role?: "USER" | "ADMIN" | undefined; } | { email: string; name?: string | undefined; role?: "USER" | "ADMIN" | undefined; password?: string | undefined; }' is not assignable to type '{ email: string; role: "USER" | "ADMIN"; name?: string | undefined; password?: string | undefined; }'.
        Type '{ email: string; password: string; name?: string | undefined; role?: "USER" | "ADMIN" | undefined; }' is not assignable to type '{ email: string; role: "USER" | "ADMIN"; name?: string | undefined; password?: string | undefined; }'.
          Types of property 'role' are incompatible.
            Type '"USER" | "ADMIN" | undefined' is not assignable to type '"USER" | "ADMIN"'.
              Type 'undefined' is not assignable to type '"USER" | "ADMIN"'.
components/forms/user-form.tsx(83,41): error TS2345: Argument of type '(data: { email: string; role: "USER" | "ADMIN"; name?: string | undefined; password?: string | undefined; }) => Promise<void>' is not assignable to parameter of type 'SubmitHandler<TFieldValues>'.
  Types of parameters 'data' and 'data' are incompatible.
    Type 'TFieldValues' is not assignable to type '{ email: string; role: "USER" | "ADMIN"; name?: string | undefined; password?: string | undefined; }'.
      Type 'FieldValues' is missing the following properties from type '{ email: string; role: "USER" | "ADMIN"; name?: string | undefined; password?: string | undefined; }': email, role
components/forms/user-form.tsx(86,13): error TS2322: Type 'Control<{ email: string; role: "USER" | "ADMIN"; name?: string | undefined; password?: string | undefined; }, any, TFieldValues>' is not assignable to type 'Control<{ email: string; role: "USER" | "ADMIN"; name?: string | undefined; password?: string | undefined; }, any, { email: string; role: "USER" | "ADMIN"; name?: string | undefined; password?: string | undefined; }>'.
  The types of '_options.resolver' are incompatible between these types.
    Type 'Resolver<{ email: string; role: "USER" | "ADMIN"; name?: string | undefined; password?: string | undefined; }, any, TFieldValues> | undefined' is not assignable to type 'Resolver<{ email: string; role: "USER" | "ADMIN"; name?: string | undefined; password?: string | undefined; }, any, { email: string; role: "USER" | "ADMIN"; name?: string | undefined; password?: string | undefined; }> | undefined'.
      Type 'Resolver<{ email: string; role: "USER" | "ADMIN"; name?: string | undefined; password?: string | undefined; }, any, TFieldValues>' is not assignable to type 'Resolver<{ email: string; role: "USER" | "ADMIN"; name?: string | undefined; password?: string | undefined; }, any, { email: string; role: "USER" | "ADMIN"; name?: string | undefined; password?: string | undefined; }>'.
        Type 'ResolverResult<{ email: string; role: "USER" | "ADMIN"; name?: string | undefined; password?: string | undefined; }, TFieldValues> | Promise<ResolverResult<{ email: string; role: "USER" | "ADMIN"; name?: string | undefined; password?: string | undefined; }, TFieldValues>>' is not assignable to type 'ResolverResult<{ email: string; role: "USER" | "ADMIN"; name?: string | undefined; password?: string | undefined; }, { email: string; role: "USER" | "ADMIN"; name?: string | undefined; password?: string | undefined; }> | Promise<...>'.
          Type 'ResolverSuccess<TFieldValues>' is not assignable to type 'ResolverResult<{ email: string; role: "USER" | "ADMIN"; name?: string | undefined; password?: string | undefined; }, { email: string; role: "USER" | "ADMIN"; name?: string | undefined; password?: string | undefined; }> | Promise<...>'.
            Type 'ResolverSuccess<TFieldValues>' is not assignable to type 'ResolverSuccess<{ email: string; role: "USER" | "ADMIN"; name?: string | undefined; password?: string | undefined; }>'.
              Type 'TFieldValues' is not assignable to type '{ email: string; role: "USER" | "ADMIN"; name?: string | undefined; password?: string | undefined; }'.
                Type 'FieldValues' is missing the following properties from type '{ email: string; role: "USER" | "ADMIN"; name?: string | undefined; password?: string | undefined; }': email, role
components/forms/user-form.tsx(100,13): error TS2322: Type 'Control<{ email: string; role: "USER" | "ADMIN"; name?: string | undefined; password?: string | undefined; }, any, TFieldValues>' is not assignable to type 'Control<{ email: string; role: "USER" | "ADMIN"; name?: string | undefined; password?: string | undefined; }, any, { email: string; role: "USER" | "ADMIN"; name?: string | undefined; password?: string | undefined; }>'.
  The types of '_options.resolver' are incompatible between these types.
    Type 'Resolver<{ email: string; role: "USER" | "ADMIN"; name?: string | undefined; password?: string | undefined; }, any, TFieldValues> | undefined' is not assignable to type 'Resolver<{ email: string; role: "USER" | "ADMIN"; name?: string | undefined; password?: string | undefined; }, any, { email: string; role: "USER" | "ADMIN"; name?: string | undefined; password?: string | undefined; }> | undefined'.
      Type 'Resolver<{ email: string; role: "USER" | "ADMIN"; name?: string | undefined; password?: string | undefined; }, any, TFieldValues>' is not assignable to type 'Resolver<{ email: string; role: "USER" | "ADMIN"; name?: string | undefined; password?: string | undefined; }, any, { email: string; role: "USER" | "ADMIN"; name?: string | undefined; password?: string | undefined; }>'.
        Type 'ResolverResult<{ email: string; role: "USER" | "ADMIN"; name?: string | undefined; password?: string | undefined; }, TFieldValues> | Promise<ResolverResult<{ email: string; role: "USER" | "ADMIN"; name?: string | undefined; password?: string | undefined; }, TFieldValues>>' is not assignable to type 'ResolverResult<{ email: string; role: "USER" | "ADMIN"; name?: string | undefined; password?: string | undefined; }, { email: string; role: "USER" | "ADMIN"; name?: string | undefined; password?: string | undefined; }> | Promise<...>'.
          Type 'ResolverSuccess<TFieldValues>' is not assignable to type 'ResolverResult<{ email: string; role: "USER" | "ADMIN"; name?: string | undefined; password?: string | undefined; }, { email: string; role: "USER" | "ADMIN"; name?: string | undefined; password?: string | undefined; }> | Promise<...>'.
            Type 'ResolverSuccess<TFieldValues>' is not assignable to type 'ResolverSuccess<{ email: string; role: "USER" | "ADMIN"; name?: string | undefined; password?: string | undefined; }>'.
              Type 'TFieldValues' is not assignable to type '{ email: string; role: "USER" | "ADMIN"; name?: string | undefined; password?: string | undefined; }'.
                Type 'FieldValues' is missing the following properties from type '{ email: string; role: "USER" | "ADMIN"; name?: string | undefined; password?: string | undefined; }': email, role
components/forms/user-form.tsx(114,13): error TS2322: Type 'Control<{ email: string; role: "USER" | "ADMIN"; name?: string | undefined; password?: string | undefined; }, any, TFieldValues>' is not assignable to type 'Control<{ email: string; role: "USER" | "ADMIN"; name?: string | undefined; password?: string | undefined; }, any, { email: string; role: "USER" | "ADMIN"; name?: string | undefined; password?: string | undefined; }>'.
  The types of '_options.resolver' are incompatible between these types.
    Type 'Resolver<{ email: string; role: "USER" | "ADMIN"; name?: string | undefined; password?: string | undefined; }, any, TFieldValues> | undefined' is not assignable to type 'Resolver<{ email: string; role: "USER" | "ADMIN"; name?: string | undefined; password?: string | undefined; }, any, { email: string; role: "USER" | "ADMIN"; name?: string | undefined; password?: string | undefined; }> | undefined'.
      Type 'Resolver<{ email: string; role: "USER" | "ADMIN"; name?: string | undefined; password?: string | undefined; }, any, TFieldValues>' is not assignable to type 'Resolver<{ email: string; role: "USER" | "ADMIN"; name?: string | undefined; password?: string | undefined; }, any, { email: string; role: "USER" | "ADMIN"; name?: string | undefined; password?: string | undefined; }>'.
        Type 'ResolverResult<{ email: string; role: "USER" | "ADMIN"; name?: string | undefined; password?: string | undefined; }, TFieldValues> | Promise<ResolverResult<{ email: string; role: "USER" | "ADMIN"; name?: string | undefined; password?: string | undefined; }, TFieldValues>>' is not assignable to type 'ResolverResult<{ email: string; role: "USER" | "ADMIN"; name?: string | undefined; password?: string | undefined; }, { email: string; role: "USER" | "ADMIN"; name?: string | undefined; password?: string | undefined; }> | Promise<...>'.
          Type 'ResolverSuccess<TFieldValues>' is not assignable to type 'ResolverResult<{ email: string; role: "USER" | "ADMIN"; name?: string | undefined; password?: string | undefined; }, { email: string; role: "USER" | "ADMIN"; name?: string | undefined; password?: string | undefined; }> | Promise<...>'.
            Type 'ResolverSuccess<TFieldValues>' is not assignable to type 'ResolverSuccess<{ email: string; role: "USER" | "ADMIN"; name?: string | undefined; password?: string | undefined; }>'.
              Type 'TFieldValues' is not assignable to type '{ email: string; role: "USER" | "ADMIN"; name?: string | undefined; password?: string | undefined; }'.
                Type 'FieldValues' is missing the following properties from type '{ email: string; role: "USER" | "ADMIN"; name?: string | undefined; password?: string | undefined; }': email, role
components/forms/user-form.tsx(133,13): error TS2322: Type 'Control<{ email: string; role: "USER" | "ADMIN"; name?: string | undefined; password?: string | undefined; }, any, TFieldValues>' is not assignable to type 'Control<{ email: string; role: "USER" | "ADMIN"; name?: string | undefined; password?: string | undefined; }, any, { email: string; role: "USER" | "ADMIN"; name?: string | undefined; password?: string | undefined; }>'.
  The types of '_options.resolver' are incompatible between these types.
    Type 'Resolver<{ email: string; role: "USER" | "ADMIN"; name?: string | undefined; password?: string | undefined; }, any, TFieldValues> | undefined' is not assignable to type 'Resolver<{ email: string; role: "USER" | "ADMIN"; name?: string | undefined; password?: string | undefined; }, any, { email: string; role: "USER" | "ADMIN"; name?: string | undefined; password?: string | undefined; }> | undefined'.
      Type 'Resolver<{ email: string; role: "USER" | "ADMIN"; name?: string | undefined; password?: string | undefined; }, any, TFieldValues>' is not assignable to type 'Resolver<{ email: string; role: "USER" | "ADMIN"; name?: string | undefined; password?: string | undefined; }, any, { email: string; role: "USER" | "ADMIN"; name?: string | undefined; password?: string | undefined; }>'.
        Type 'ResolverResult<{ email: string; role: "USER" | "ADMIN"; name?: string | undefined; password?: string | undefined; }, TFieldValues> | Promise<ResolverResult<{ email: string; role: "USER" | "ADMIN"; name?: string | undefined; password?: string | undefined; }, TFieldValues>>' is not assignable to type 'ResolverResult<{ email: string; role: "USER" | "ADMIN"; name?: string | undefined; password?: string | undefined; }, { email: string; role: "USER" | "ADMIN"; name?: string | undefined; password?: string | undefined; }> | Promise<...>'.
          Type 'ResolverSuccess<TFieldValues>' is not assignable to type 'ResolverResult<{ email: string; role: "USER" | "ADMIN"; name?: string | undefined; password?: string | undefined; }, { email: string; role: "USER" | "ADMIN"; name?: string | undefined; password?: string | undefined; }> | Promise<...>'.
            Type 'ResolverSuccess<TFieldValues>' is not assignable to type 'ResolverSuccess<{ email: string; role: "USER" | "ADMIN"; name?: string | undefined; password?: string | undefined; }>'.
              Type 'TFieldValues' is not assignable to type '{ email: string; role: "USER" | "ADMIN"; name?: string | undefined; password?: string | undefined; }'.
                Type 'FieldValues' is missing the following properties from type '{ email: string; role: "USER" | "ADMIN"; name?: string | undefined; password?: string | undefined; }': email, role
lib/auth.ts(48,25): error TS2339: Property 'isTwoFactorEnabled' does not exist on type '{ name: string | null; id: string; email: string | null; password: string | null; emailVerified: Date | null; image: string | null; role: Role; createdAt: Date; updatedAt: Date; }'.
lib/auth.ts(103,47): error TS2339: Property 'isTwoFactorEnabled' does not exist on type '{ name: string | null; id: string; email: string | null; password: string | null; emailVerified: Date | null; image: string | null; role: Role; createdAt: Date; updatedAt: Date; }'.
scripts/stubs/article-crud/app/actions/article.ts(6,31): error TS2307: Cannot find module '@/schemas/article' or its corresponding type declarations.
scripts/stubs/article-crud/app/actions/article.ts(12,35): error TS2339: Property 'article' does not exist on type 'PrismaClient<PrismaClientOptions, never, DefaultArgs>'.
scripts/stubs/article-crud/app/actions/article.ts(54,18): error TS2339: Property 'article' does not exist on type 'PrismaClient<PrismaClientOptions, never, DefaultArgs>'.
scripts/stubs/article-crud/app/actions/article.ts(90,18): error TS2339: Property 'article' does not exist on type 'PrismaClient<PrismaClientOptions, never, DefaultArgs>'.
scripts/stubs/article-crud/app/actions/article.ts(118,18): error TS2339: Property 'article' does not exist on type 'PrismaClient<PrismaClientOptions, never, DefaultArgs>'.
scripts/stubs/article-crud/app/dashboard/articles/[id]/edit/page.tsx(20,32): error TS2339: Property 'article' does not exist on type 'PrismaClient<PrismaClientOptions, never, DefaultArgs>'.
scripts/stubs/article-crud/app/dashboard/articles/article-form.tsx(23,46): error TS2307: Cannot find module '@/schemas/article' or its corresponding type declarations.
scripts/stubs/article-crud/app/dashboard/articles/article-form.tsx(24,46): error TS2307: Cannot find module '@/app/actions/article' or its corresponding type declarations.
scripts/stubs/article-crud/app/dashboard/articles/articles-client.tsx(10,44): error TS2307: Cannot find module '@/app/actions/article' or its corresponding type declarations.
scripts/stubs/article-crud/app/dashboard/articles/articles-client.tsx(12,44): error TS2307: Cannot find module '@/components/columns/article' or its corresponding type declarations.
scripts/stubs/article-crud/app/dashboard/articles/articles-client.tsx(29,11): error TS18046: 'result' is of type 'unknown'.
scripts/stubs/article-crud/app/dashboard/articles/articles-client.tsx(30,23): error TS18046: 'result' is of type 'unknown'.
scripts/stubs/article-crud/app/dashboard/articles/articles-client.tsx(34,21): error TS18046: 'result' is of type 'unknown'.
scripts/stubs/article-crud/app/dashboard/articles/articles-client.tsx(43,27): error TS2345: Argument of type 'string' is not assignable to parameter of type 'void'.
scripts/stubs/article-crud/tests/articles.test.ts(2,74): error TS2307: Cannot find module '@/app/actions/article' or its corresponding type declarations.
scripts/stubs/article-crud/tests/articles.test.ts(5,10): error TS2305: Module '"@prisma/client"' has no exported member 'Article'.
scripts/stubs/article-crud/tests/articles.test.ts(10,39): error TS2307: Cannot find module './mocks/db' or its corresponding type declarations.
scripts/stubs/article-crud/tests/articles.test.ts(33,22): error TS2339: Property 'article' does not exist on type 'PrismaClient<PrismaClientOptions, never, DefaultArgs>'.
scripts/stubs/article-crud/tests/articles.test.ts(41,22): error TS2339: Property 'article' does not exist on type 'PrismaClient<PrismaClientOptions, never, DefaultArgs>'.
scripts/stubs/article-crud/tests/articles.test.ts(50,19): error TS2339: Property 'article' does not exist on type 'PrismaClient<PrismaClientOptions, never, DefaultArgs>'.
scripts/stubs/article-crud/tests/articles.test.ts(55,22): error TS2339: Property 'article' does not exist on type 'PrismaClient<PrismaClientOptions, never, DefaultArgs>'.
scripts/stubs/article-crud/tests/articles.test.ts(64,19): error TS2339: Property 'article' does not exist on type 'PrismaClient<PrismaClientOptions, never, DefaultArgs>'.
scripts/stubs/article-crud/tests/articles.test.ts(72,22): error TS2339: Property 'article' does not exist on type 'PrismaClient<PrismaClientOptions, never, DefaultArgs>'.
scripts/stubs/article-crud/tests/articles.test.ts(76,19): error TS2339: Property 'article' does not exist on type 'PrismaClient<PrismaClientOptions, never, DefaultArgs>'.
